Microchip MPLAB XC8 Compiler V2.31

Linker command line:

-W-3 --edf=C:\Program Files\Microchip\xc8\v2.31\pic\dat\en_msgs.txt -cn \
  -h+dist/default/production\pic18f47q43_ST7789.X.production.sym \
  --cmf=dist/default/production\pic18f47q43_ST7789.X.production.cmf -z \
  -Q18F47Q43 -oC:\Users\wojte\AppData\Local\Temp\savk.2 \
  --defsym=__MPLAB_BUILD=1 \
  -Mdist/default/production/pic18f47q43_ST7789.X.production.map -E1 \
  -ver=XC8 Compiler --acfsm=1493 -ASTACK=0560h-025FFh -pstack=STACK \
  -ACODE=00h-01FFFFh -ACONST=00h-01FFFFh -ASMALLCONST=02600h-026FFhx474 \
  -AMEDIUMCONST=02600h-0FFFFh,012600h-01FFFFh -ACOMRAM=0501h-055Fh \
  -AABS1=0500h-025FFh -ABIGRAM=0501h-025FFh \
  -ARAM=0560h-05FFh,0600h-06FFhx32 -ABANK5=0560h-05FFh -ABANK6=0600h-06FFh \
  -ABANK7=0700h-07FFh -ABANK8=0800h-08FFh -ABANK9=0900h-09FFh \
  -ABANK10=0A00h-0AFFh -ABANK11=0B00h-0BFFh -ABANK12=0C00h-0CFFh \
  -ABANK13=0D00h-0DFFh -ABANK14=0E00h-0EFFh -ABANK15=0F00h-0FFFh \
  -ABANK16=01000h-010FFh -ABANK17=01100h-011FFh -ABANK18=01200h-012FFh \
  -ABANK19=01300h-013FFh -ABANK20=01400h-014FFh -ABANK21=01500h-015FFh \
  -ABANK22=01600h-016FFh -ABANK23=01700h-017FFh -ABANK24=01800h-018FFh \
  -ABANK25=01900h-019FFh -ABANK26=01A00h-01AFFh -ABANK27=01B00h-01BFFh \
  -ABANK28=01C00h-01CFFh -ABANK29=01D00h-01DFFh -ABANK30=01E00h-01EFFh \
  -ABANK31=01F00h-01FFFh -ABANK32=02000h-020FFh -ABANK33=02100h-021FFh \
  -ABANK34=02200h-022FFh -ABANK35=02300h-023FFh -ABANK36=02400h-024FFh \
  -ABANK37=02500h-025FFh -ASFR=00h-0FFhx4,0400h-045Fh,0460h-04FFh \
  -ACONFIG=0300000h-0300011h -AIDLOC=0200000h-020001Fh \
  -AEEDATA=0380000h-03803FFh -peeprom_data=EEDATA -preset_vec=00h \
  -ppowerup=CODE,init -pramtop=02600h -psmallconst=SMALLCONST \
  -pmediumconst=MEDIUMCONST -pconst=CONST -AFARRAM=00h-00h \
  -prdata=COMRAM,nvrram=COMRAM,nvbit=COMRAM,rbss=COMRAM,rbit=COMRAM \
  -pfarbss=FARRAM,fardata=FARRAM,nvFARRAM=FARRAM \
  -pintsave_regs=BIGRAM,bigbss=BIGRAM,bigdata=BIGRAM -pbss=RAM \
  -pidata=CODE,irdata=CODE,ibigdata=CODE,ifardata=CODE -prparam=COMRAM \
  C:\Users\wojte\AppData\Local\Temp\savk.o \
  dist/default/production\pic18f47q43_ST7789.X.production.o 

Object code version is 3.11

Machine type is 18F47Q43



                Name                               Link     Load   Length Selector   Space Scale
C:\Users\wojte\AppData\Local\Temp\savk.o
                idloc                            200000   200000       20        0       5
                config                           300000   300000        A        0       4
                init                              1FFFC    1FFFC        4     FFFE       0
                reset_vec                             0        0        4        0       0
dist/default/production\pic18f47q43_ST7789.X.production.o
                idloc                            200000   200000       20        0       5
                config                           300000   300000        A        0       4
                mediumconst                        FAD6     FAD6      52A     7D6B       0
                text21                            1052C    1052C       D6     8000       0
                text20                            10A76    10A76       1C     8000       0
                text19                            106BE    106BE       A4     8000       0
                text18                            10A14    10A14       24     8000       0
                text17                            10A92    10A92       1A     8000       0
                text16                            10AD0    10AD0       12     8000       0
                text15                            10A38    10A38       22     8000       0
                text14                            10AE2    10AE2        E     8000       0
                text13                            108E0    108E0       5A     8000       0
                text12                            1093A    1093A       46     8000       0
                text11                            10602    10602       BC     8000       0
                text10                            102DC    102DC      12C     8000       0
                text9                             10000    10000      2DC     8000       0
                text8                             10980    10980       38     8000       0
                text7                             10A5A    10A5A       1C     8000       0
                text6                             10AF0    10AF0        C     8000       0
                text5                             10ABE    10ABE       12     8000       0
                text4                             109EA    109EA       2A     8000       0
                text3                             10408    10408      124     8000       0
                text2                             10762    10762       98     8000       0
                text1                             1086E    1086E       72     8000       0
                text0                             107FA    107FA       74     8000       0
                cstackCOMRAM                        501      501       30      501       1
                dataCOMRAM                          531      531       12      501       1
                bssCOMRAM                           543      543        9      501       1
                cinit                             109B8    109B8       32     8000       0
                idataCOMRAM                       10AAC    10AAC       12     8000       0

TOTAL           Name                               Link     Load   Length     Space
        CLASS   STACK          

        CLASS   CODE           
                init                              1FFFC    1FFFC        4         0
                reset_vec                             0        0        4         0
                text21                            1052C    1052C       D6         0
                text20                            10A76    10A76       1C         0
                text19                            106BE    106BE       A4         0
                text18                            10A14    10A14       24         0
                text17                            10A92    10A92       1A         0
                text16                            10AD0    10AD0       12         0
                text15                            10A38    10A38       22         0
                text14                            10AE2    10AE2        E         0
                text13                            108E0    108E0       5A         0
                text12                            1093A    1093A       46         0
                text11                            10602    10602       BC         0
                text10                            102DC    102DC      12C         0
                text9                             10000    10000      2DC         0
                text8                             10980    10980       38         0
                text7                             10A5A    10A5A       1C         0
                text6                             10AF0    10AF0        C         0
                text5                             10ABE    10ABE       12         0
                text4                             109EA    109EA       2A         0
                text3                             10408    10408      124         0
                text2                             10762    10762       98         0
                text1                             1086E    1086E       72         0
                text0                             107FA    107FA       74         0
                cinit                             109B8    109B8       32         0
                idataCOMRAM                       10AAC    10AAC       12         0

        CLASS   CONST          

        CLASS   SMALLCONST     

        CLASS   MEDIUMCONST    
                mediumconst                        FAD6     FAD6      52A         0

        CLASS   COMRAM         
                cstackCOMRAM                        501      501       30         1
                dataCOMRAM                          531      531       12         1
                bssCOMRAM                           543      543        9         1

        CLASS   ABS1           

        CLASS   BIGRAM         

        CLASS   RAM            

        CLASS   BANK5          

        CLASS   BANK6          

        CLASS   BANK7          

        CLASS   BANK8          

        CLASS   BANK9          

        CLASS   BANK10         

        CLASS   BANK11         

        CLASS   BANK12         

        CLASS   BANK13         

        CLASS   BANK14         

        CLASS   BANK15         

        CLASS   BANK16         

        CLASS   BANK17         

        CLASS   BANK18         

        CLASS   BANK19         

        CLASS   BANK20         

        CLASS   BANK21         

        CLASS   BANK22         

        CLASS   BANK23         

        CLASS   BANK24         

        CLASS   BANK25         

        CLASS   BANK26         

        CLASS   BANK27         

        CLASS   BANK28         

        CLASS   BANK29         

        CLASS   BANK30         

        CLASS   BANK31         

        CLASS   BANK32         

        CLASS   BANK33         

        CLASS   BANK34         

        CLASS   BANK35         

        CLASS   BANK36         

        CLASS   BANK37         

        CLASS   SFR            

        CLASS   CONFIG         
                config                           300000   300000        A         4

        CLASS   IDLOC          
                idloc                            200000   200000       20         5

        CLASS   EEDATA         

        CLASS   FARRAM         



SEGMENTS        Name                           Load    Length   Top    Selector   Space  Class

                reset_vec                      000000  000004  000004         0       0  CODE    
                cstackCOMRAM                   000501  00004B  00054C       501       1  COMRAM  
                mediumconst                    00FAD6  00052A  010000      7D6B       0  MEDIUMCO
                text9                          010000  000AFC  010AFC      8000       0  CODE    
                init                           01FFFC  000004  020000      FFFE       0  CODE    


UNUSED ADDRESS RANGES

        Name                Unused          Largest block    Delta
        BANK10           000A00-000AFF              100
        BANK11           000B00-000BFF              100
        BANK12           000C00-000CFF              100
        BANK13           000D00-000DFF              100
        BANK14           000E00-000EFF              100
        BANK15           000F00-000FFF              100
        BANK16           001000-0010FF              100
        BANK17           001100-0011FF              100
        BANK18           001200-0012FF              100
        BANK19           001300-0013FF              100
        BANK20           001400-0014FF              100
        BANK21           001500-0015FF              100
        BANK22           001600-0016FF              100
        BANK23           001700-0017FF              100
        BANK24           001800-0018FF              100
        BANK25           001900-0019FF              100
        BANK26           001A00-001AFF              100
        BANK27           001B00-001BFF              100
        BANK28           001C00-001CFF              100
        BANK29           001D00-001DFF              100
        BANK30           001E00-001EFF              100
        BANK31           001F00-001FFF              100
        BANK32           002000-0020FF              100
        BANK33           002100-0021FF              100
        BANK34           002200-0022FF              100
        BANK35           002300-0023FF              100
        BANK36           002400-0024FF              100
        BANK37           002500-0025FF              100
        BANK5            000560-0005FF               A0
        BANK6            000600-0006FF              100
        BANK7            000700-0007FF              100
        BANK8            000800-0008FF              100
        BANK9            000900-0009FF              100
        BIGRAM           00054C-0025FF             20B4
        CODE             000004-00FAD5             FAD2
                         010AFC-01FFFB             F500
        COMRAM           00054C-00055F               14
        CONFIG           30000A-300011                8
        CONST            000004-00FAD5             FAD2
                         010AFC-01FFFB             F500
        EEDATA           380000-3803FF              400
        MEDIUMCONST      002600-00FAD5             D4D6
                         012600-01FFFB             D9FC
        RAM              000560-0025FF              100
        SFR              000000-0004FF              100
        SMALLCONST       002600-00FAD5              100
                         010AFC-01FFFB              100
        STACK            000560-0025FF             20A0

                                  Symbol Table

SPI1_ExchangeByte@data            cstackCOMRAM 000501
SPI1_Open@spi1UniqueConfiguration cstackCOMRAM 000502
_ACTCON                           (abs)        0000AC
_ANSELA                           (abs)        000400
_ANSELB                           (abs)        000408
_ANSELC                           (abs)        000410
_ANSELD                           (abs)        000418
_ANSELE                           (abs)        000420
_INLVLA                           (abs)        000404
_INLVLB                           (abs)        00040C
_INLVLC                           (abs)        000414
_INLVLD                           (abs)        00041C
_INLVLE                           (abs)        000424
_LATA                             (abs)        0004BE
_LATB                             (abs)        0004BF
_LATC                             (abs)        0004C0
_LATD                             (abs)        0004C1
_LATE                             (abs)        0004C2
_ODCONA                           (abs)        000402
_ODCONB                           (abs)        00040A
_ODCONC                           (abs)        000412
_ODCOND                           (abs)        00041A
_ODCONE                           (abs)        000422
_OSCCON1                          (abs)        0000AD
_OSCCON3                          (abs)        0000AF
_OSCEN                            (abs)        0000B3
_OSCFRQ                           (abs)        0000B1
_OSCILLATOR_Initialize            text20       010A76
_OSCTUNE                          (abs)        0000B0
_PIN_MANAGER_Initialize           text19       0106BE
_PIR3bits                         (abs)        0004B1
_PMD0                             (abs)        000060
_PMD1                             (abs)        000061
_PMD3                             (abs)        000063
_PMD4                             (abs)        000064
_PMD5                             (abs)        000065
_PMD6                             (abs)        000066
_PMD7                             (abs)        000067
_PMD8                             (abs)        000068
_PMD_Initialize                   text18       010A14
_PORTAbits                        (abs)        0004CE
_PORTDbits                        (abs)        0004D1
_RB1I2C                           (abs)        000289
_RB1PPS                           (abs)        00020A
_RB2I2C                           (abs)        000288
_RB3PPS                           (abs)        00020C
_RC3I2C                           (abs)        000287
_RC4I2C                           (abs)        000286
_SLRCONA                          (abs)        000403
_SLRCONB                          (abs)        00040B
_SLRCONC                          (abs)        000413
_SLRCOND                          (abs)        00041B
_SLRCONE                          (abs)        000423
_SPI1BAUD                         (abs)        000089
_SPI1CLK                          (abs)        00008C
_SPI1CON0                         (abs)        000084
_SPI1CON0bits                     (abs)        000084
_SPI1CON1                         (abs)        000085
_SPI1CON2                         (abs)        000086
_SPI1RXB                          (abs)        000080
_SPI1SCKPPS                       (abs)        00026A
_SPI1SDIPPS                       (abs)        00026B
_SPI1TCNTL                        (abs)        000082
_SPI1TXB                          (abs)        000081
_SPI1_ExchangeByte                text15       010A38
_SPI1_Initialize                  text17       010A92
_SPI1_Open                        text21       01052C
_SYSTEM_Initialize                text16       010AD0
_TRISA                            (abs)        0004C6
_TRISB                            (abs)        0004C7
_TRISBbits                        (abs)        0004C7
_TRISC                            (abs)        0004C8
_TRISD                            (abs)        0004C9
_TRISE                            (abs)        0004CA
_WPUA                             (abs)        000401
_WPUB                             (abs)        000409
_WPUC                             (abs)        000411
_WPUD                             (abs)        000419
_WPUE                             (abs)        000421
__HRAM                            (abs)        000000
__Habs1                           abs1         000000
__Hbank10                         bank10       000000
__Hbank11                         bank11       000000
__Hbank12                         bank12       000000
__Hbank13                         bank13       000000
__Hbank14                         bank14       000000
__Hbank15                         bank15       000000
__Hbank16                         bank16       000000
__Hbank17                         bank17       000000
__Hbank18                         bank18       000000
__Hbank19                         bank19       000000
__Hbank20                         bank20       000000
__Hbank21                         bank21       000000
__Hbank22                         bank22       000000
__Hbank23                         bank23       000000
__Hbank24                         bank24       000000
__Hbank25                         bank25       000000
__Hbank26                         bank26       000000
__Hbank27                         bank27       000000
__Hbank28                         bank28       000000
__Hbank29                         bank29       000000
__Hbank30                         bank30       000000
__Hbank31                         bank31       000000
__Hbank32                         bank32       000000
__Hbank33                         bank33       000000
__Hbank34                         bank34       000000
__Hbank35                         bank35       000000
__Hbank36                         bank36       000000
__Hbank37                         bank37       000000
__Hbank5                          bank5        000000
__Hbank6                          bank6        000000
__Hbank7                          bank7        000000
__Hbank8                          bank8        000000
__Hbank9                          bank9        000000
__Hbigbss                         bigbss       000000
__Hbigdata                        bigdata      000000
__Hbigram                         bigram       000000
__Hbss                            bss          000000
__HbssCOMRAM                      bssCOMRAM    000000
__Hcinit                          cinit        000000
__Hclrtext                        clrtext      000000
__Hcomram                         comram       000000
__Hconfig                         config       30000A
__Hconst                          const        000000
__HcstackCOMRAM                   cstackCOMRAM 000000
__Hdata                           data         000000
__HdataCOMRAM                     dataCOMRAM   000000
__Heeprom_data                    eeprom_data  000000
__Hfarbss                         farbss       000000
__Hfardata                        fardata      000000
__Hibigdata                       ibigdata     000000
__Hidata                          idata        000000
__HidataCOMRAM                    idataCOMRAM  000000
__Hidloc                          idloc        200020
__Hifardata                       ifardata     000000
__Hinit                           init         020000
__Hintsave_regs                   intsave_regs 000000
__Hirdata                         irdata       000000
__Hmediumconst                    mediumconst  010000
__HnvFARRAM                       nvFARRAM     000000
__Hnvbit                          nvbit        000000
__Hnvrram                         nvrram       000000
__Hparam                          rparam       000000
__Hpowerup                        powerup      000000
__Hram                            ram          000000
__Hramtop                         ramtop       002600
__Hrbit                           rbit         000000
__Hrbss                           rbss         000000
__Hrdata                          rdata        000000
__Hreset_vec                      reset_vec    000004
__Hrparam                         rparam       000000
__Hsfr                            sfr          000000
__Hsmallconst                     smallconst   000000
__Hspace_0                        (abs)        020000
__Hspace_1                        (abs)        00054C
__Hspace_2                        (abs)        000000
__Hspace_4                        (abs)        60000A
__Hstack                          stack        000000
__Hstruct                         struct       000000
__Htemp                           temp         000000
__Htext                           text         000000
__Htext0                          text0        000000
__Htext1                          text1        000000
__Htext10                         text10       000000
__Htext11                         text11       000000
__Htext12                         text12       000000
__Htext13                         text13       000000
__Htext14                         text14       000000
__Htext15                         text15       000000
__Htext16                         text16       000000
__Htext17                         text17       000000
__Htext18                         text18       000000
__Htext19                         text19       000000
__Htext2                          text2        000000
__Htext20                         text20       000000
__Htext21                         text21       000000
__Htext3                          text3        000000
__Htext4                          text4        000000
__Htext5                          text5        000000
__Htext6                          text6        000000
__Htext7                          text7        000000
__Htext8                          text8        000000
__Htext9                          text9        000000
__LRAM                            (abs)        000001
__Labs1                           abs1         000000
__Lbank10                         bank10       000000
__Lbank11                         bank11       000000
__Lbank12                         bank12       000000
__Lbank13                         bank13       000000
__Lbank14                         bank14       000000
__Lbank15                         bank15       000000
__Lbank16                         bank16       000000
__Lbank17                         bank17       000000
__Lbank18                         bank18       000000
__Lbank19                         bank19       000000
__Lbank20                         bank20       000000
__Lbank21                         bank21       000000
__Lbank22                         bank22       000000
__Lbank23                         bank23       000000
__Lbank24                         bank24       000000
__Lbank25                         bank25       000000
__Lbank26                         bank26       000000
__Lbank27                         bank27       000000
__Lbank28                         bank28       000000
__Lbank29                         bank29       000000
__Lbank30                         bank30       000000
__Lbank31                         bank31       000000
__Lbank32                         bank32       000000
__Lbank33                         bank33       000000
__Lbank34                         bank34       000000
__Lbank35                         bank35       000000
__Lbank36                         bank36       000000
__Lbank37                         bank37       000000
__Lbank5                          bank5        000000
__Lbank6                          bank6        000000
__Lbank7                          bank7        000000
__Lbank8                          bank8        000000
__Lbank9                          bank9        000000
__Lbigbss                         bigbss       000000
__Lbigdata                        bigdata      000000
__Lbigram                         bigram       000000
__Lbss                            bss          000000
__LbssCOMRAM                      bssCOMRAM    000000
__Lcinit                          cinit        000000
__Lclrtext                        clrtext      000000
__Lcomram                         comram       000000
__Lconfig                         config       000000
__Lconst                          const        000000
__LcstackCOMRAM                   cstackCOMRAM 000000
__Ldata                           data         000000
__LdataCOMRAM                     dataCOMRAM   000000
__Leeprom_data                    eeprom_data  000000
__Lfarbss                         farbss       000000
__Lfardata                        fardata      000000
__Libigdata                       ibigdata     000000
__Lidata                          idata        000000
__LidataCOMRAM                    idataCOMRAM  000000
__Lidloc                          idloc        000000
__Lifardata                       ifardata     000000
__Linit                           init         01FFFC
__Lintsave_regs                   intsave_regs 000000
__Lirdata                         irdata       000000
__Lmediumconst                    mediumconst  00FAD6
__LnvFARRAM                       nvFARRAM     000000
__Lnvbit                          nvbit        000000
__Lnvrram                         nvrram       000000
__Lparam                          rparam       000000
__Lpowerup                        powerup      000000
__Lram                            ram          000000
__Lramtop                         ramtop       002600
__Lrbit                           rbit         000000
__Lrbss                           rbss         000000
__Lrdata                          rdata        000000
__Lreset_vec                      reset_vec    000000
__Lrparam                         rparam       000000
__Lsfr                            sfr          000000
__Lsmallconst                     smallconst   000000
__Lspace_0                        (abs)        000000
__Lspace_1                        (abs)        000000
__Lspace_2                        (abs)        000000
__Lspace_4                        (abs)        000000
__Lstack                          stack        000000
__Lstruct                         struct       000000
__Ltemp                           temp         000000
__Ltext                           text         000000
__Ltext0                          text0        000000
__Ltext1                          text1        000000
__Ltext10                         text10       000000
__Ltext11                         text11       000000
__Ltext12                         text12       000000
__Ltext13                         text13       000000
__Ltext14                         text14       000000
__Ltext15                         text15       000000
__Ltext16                         text16       000000
__Ltext17                         text17       000000
__Ltext18                         text18       000000
__Ltext19                         text19       000000
__Ltext2                          text2        000000
__Ltext20                         text20       000000
__Ltext21                         text21       000000
__Ltext3                          text3        000000
__Ltext4                          text4        000000
__Ltext5                          text5        000000
__Ltext6                          text6        000000
__Ltext7                          text7        000000
__Ltext8                          text8        000000
__Ltext9                          text9        000000
__S0                              (abs)        020000
__S1                              (abs)        00054C
__S2                              (abs)        000000
__S4                              (abs)        000000
__S5                              (abs)        000000
___inthi_sp                       stack        000000
___intlo_sp                       stack        000000
___param_bank                     (abs)        000000
___rparam_used                    (abs)        000001
___sp                             stack        000000
__accesstop                       (abs)        000560
__activetblptr                    (abs)        000003
__colstart                        bssCOMRAM    000547
__end_of_OSCILLATOR_Initialize    text20       010A92
__end_of_PIN_MANAGER_Initialize   text19       010762
__end_of_PMD_Initialize           text18       010A38
__end_of_SPI1_ExchangeByte        text15       010A5A
__end_of_SPI1_Initialize          text17       010AAC
__end_of_SPI1_Open                text21       010602
__end_of_SYSTEM_Initialize        text16       010AE2
__end_of__initialization          cinit        0109E4
__end_of_cmd_240x240              mediumconst  00FFFF
__end_of_displayInit              text3        01052C
__end_of_display_putc             text9        0102DC
__end_of_display_puts             text8        0109B8
__end_of_drawPixel                text12       010980
__end_of_drawVLine                text11       0106BE
__end_of_fillRect                 text10       010408
__end_of_fillScreen               text7        010A76
__end_of_font                     mediumconst  00FFD7
__end_of_main                     text0        01086E
__end_of_setAddrWindow            text13       01093A
__end_of_setCursor                text6        010AFC
__end_of_setRotation              text2        0107FA
__end_of_setTextColor             text5        010AD0
__end_of_setTextSize              text4        010A14
__end_of_spi1_configuration       mediumconst  00FFDC
__end_of_tft_init                 text1        0108E0
__end_of_writeCommand             text14       010AF0
__height                          bssCOMRAM    00054A
__initialization                  cinit        0109B8
__mediumconst                     mediumconst  00FAD6
__pbssCOMRAM                      bssCOMRAM    000543
__pcinit                          cinit        0109B8
__pcstackCOMRAM                   cstackCOMRAM 000501
__pdataCOMRAM                     dataCOMRAM   000531
__pidataCOMRAM                    idataCOMRAM  010AAC
__pmediumconst                    mediumconst  00FAD6
__ptext0                          text0        0107FA
__ptext1                          text1        01086E
__ptext10                         text10       0102DC
__ptext11                         text11       010602
__ptext12                         text12       01093A
__ptext13                         text13       0108E0
__ptext14                         text14       010AE2
__ptext15                         text15       010A38
__ptext16                         text16       010AD0
__ptext17                         text17       010A92
__ptext18                         text18       010A14
__ptext19                         text19       0106BE
__ptext2                          text2        010762
__ptext20                         text20       010A76
__ptext21                         text21       01052C
__ptext3                          text3        010408
__ptext4                          text4        0109EA
__ptext5                          text5        010ABE
__ptext6                          text6        010AF0
__ptext7                          text7        010A5A
__ptext8                          text8        010980
__ptext9                          text9        010000
__ramtop                          ramtop       002600
__rowstart                        bssCOMRAM    000546
__size_of_OSCILLATOR_Initialize   (abs)        000000
__size_of_PIN_MANAGER_Initialize  (abs)        000000
__size_of_PMD_Initialize          (abs)        000000
__size_of_SPI1_ExchangeByte       (abs)        000000
__size_of_SPI1_Initialize         (abs)        000000
__size_of_SPI1_Open               (abs)        000000
__size_of_SYSTEM_Initialize       (abs)        000000
__size_of_displayInit             (abs)        000000
__size_of_display_putc            (abs)        000000
__size_of_display_puts            (abs)        000000
__size_of_drawPixel               (abs)        000000
__size_of_drawVLine               (abs)        000000
__size_of_fillRect                (abs)        000000
__size_of_fillScreen              (abs)        000000
__size_of_main                    (abs)        000000
__size_of_setAddrWindow           (abs)        000000
__size_of_setCursor               (abs)        000000
__size_of_setRotation             (abs)        000000
__size_of_setTextColor            (abs)        000000
__size_of_setTextSize             (abs)        000000
__size_of_tft_init                (abs)        000000
__size_of_writeCommand            (abs)        000000
__smallconst                      smallconst   000000
__width                           bssCOMRAM    00054B
__xstart                          bssCOMRAM    000549
__ystart                          bssCOMRAM    000548
_cmd_240x240                      mediumconst  00FFDC
_cursor_x                         bssCOMRAM    000544
_cursor_y                         bssCOMRAM    000543
_displayInit                      text3        010408
_display_putc                     text9        010000
_display_puts                     text8        010980
_drawPixel                        text12       01093A
_drawVLine                        text11       010602
_fillRect                         text10       0102DC
_fillScreen                       text7        010A5A
_font                             mediumconst  00FAD7
_main                             text0        0107FA
_rotation                         bssCOMRAM    000545
_setAddrWindow                    text13       0108E0
_setCursor                        text6        010AF0
_setRotation                      text2        010762
_setTextColor                     text5        010ABE
_setTextSize                      text4        0109EA
_setTextSize$440                  cstackCOMRAM 000501
_spi1_configuration               mediumconst  00FFD7
_textbgcolor                      dataCOMRAM   00053D
_textcolor                        dataCOMRAM   00053F
_textsize                         dataCOMRAM   000542
_tft_init                         text1        01086E
_wrap                             dataCOMRAM   000541
_writeCommand                     text14       010AE2
displayInit@addr                  cstackCOMRAM 000503
displayInit@ms                    cstackCOMRAM 000508
displayInit@numArgs               cstackCOMRAM 000507
displayInit@numCommands           cstackCOMRAM 000506
display_putc@c                    cstackCOMRAM 00051F
display_putc@i                    cstackCOMRAM 000521
display_putc@j                    cstackCOMRAM 000520
display_putc@line                 cstackCOMRAM 00051E
display_puts@s                    cstackCOMRAM 000522
drawPixel@color                   cstackCOMRAM 000509
drawPixel@x                       cstackCOMRAM 00050B
drawPixel@y                       cstackCOMRAM 000508
drawVLine@color                   cstackCOMRAM 00050A
drawVLine@h                       cstackCOMRAM 000509
drawVLine@hi                      cstackCOMRAM 000513
drawVLine@lo                      cstackCOMRAM 000514
drawVLine@x                       cstackCOMRAM 000515
drawVLine@y                       cstackCOMRAM 000508
end_of_initialization             cinit        0109E4
fillRect@color                    cstackCOMRAM 00050B
fillRect@h                        cstackCOMRAM 00050A
fillRect@hi                       cstackCOMRAM 000516
fillRect@lo                       cstackCOMRAM 000517
fillRect@px                       cstackCOMRAM 000514
fillRect@w                        cstackCOMRAM 000509
fillRect@x                        cstackCOMRAM 000518
fillRect@y                        cstackCOMRAM 000508
fillScreen@color                  cstackCOMRAM 000519
intlevel0                         text         000000
intlevel1                         text         000000
intlevel2                         text         000000
intlevel3                         text         000000
main@F16751                       dataCOMRAM   000531
main@MyString                     cstackCOMRAM 000525
setAddrWindow@h                   cstackCOMRAM 000505
setAddrWindow@w                   cstackCOMRAM 000504
setAddrWindow@x                   cstackCOMRAM 000507
setAddrWindow@y                   cstackCOMRAM 000503
setCursor@x                       cstackCOMRAM 000502
setCursor@y                       cstackCOMRAM 000501
setRotation@m                     cstackCOMRAM 000505
setRotation@madctl                cstackCOMRAM 000506
setTextColor@b                    cstackCOMRAM 000503
setTextColor@c                    cstackCOMRAM 000501
setTextSize@s                     cstackCOMRAM 000503
stackhi                           (abs)        0025FF
stacklo                           (abs)        000560
start                             init         01FFFC
start_initialization              cinit        0109B8
writeCommand@cmd                  cstackCOMRAM 000502


FUNCTION INFORMATION:

 *************** function _main *****************
 Defined at:
		line 5 in file "main.c"
 Parameters:    Size  Location     Type
		None
 Auto vars:     Size  Location     Type
  MyString       12   36[COMRAM] unsigned char [12]
 Return value:  Size  Location     Type
                  1    wreg      void 
 Registers used:
		wreg, fsr1l, fsr1h, fsr2l, fsr2h, status,2, status,0, tblptrl, tblptrh, tblptru, prodl, prodh, cstack
 Tracked objects:
		On entry : 
		On exit  : 
		Unchanged: 
 Data sizes:     COMRAM   BANK5   BANK6   BANK7   BANK8   BANK9  BANK10  BANK11  BANK12  BANK13  BANK14  BANK15  BANK16  BANK17  BANK18  BANK19  BANK20  BANK21  BANK22  BANK23  BANK24  BANK25  BANK26  BANK27  BANK28  BANK29  BANK30  BANK31  BANK32  BANK33  BANK34  BANK35  BANK36  BANK37
      Params:         0       0       0       0       0       0       0       0       0       0       0       0       0       0       0       0       0       0       0       0       0       0       0       0       0       0       0       0       0       0       0       0       0       0
      Locals:        12       0       0       0       0       0       0       0       0       0       0       0       0       0       0       0       0       0       0       0       0       0       0       0       0       0       0       0       0       0       0       0       0       0
      Temps:          1       0       0       0       0       0       0       0       0       0       0       0       0       0       0       0       0       0       0       0       0       0       0       0       0       0       0       0       0       0       0       0       0       0
      Totals:        13       0       0       0       0       0       0       0       0       0       0       0       0       0       0       0       0       0       0       0       0       0       0       0       0       0       0       0       0       0       0       0       0       0
Total ram usage:       13 bytes
 Hardware stack levels required when called:    6
 This function calls:
		_SPI1_Open
		_SYSTEM_Initialize
		_display_puts
		_fillScreen
		_setCursor
		_setTextColor
		_setTextSize
		_tft_init
 This function is called by:
		Startup code after reset
 This function uses a non-reentrant model


 *************** function _tft_init *****************
 Defined at:
		line 138 in file "C:/Users/wojte/MPLABXProjects/pic18f47q43_ST7789.X/st7789.c"
 Parameters:    Size  Location     Type
		None
 Auto vars:     Size  Location     Type
		None
 Return value:  Size  Location     Type
                  1    wreg      void 
 Registers used:
		wreg, status,2, status,0, tblptrl, tblptrh, tblptru, cstack
 Tracked objects:
		On entry : 
		On exit  : 
		Unchanged: 
 Data sizes:     COMRAM   BANK5   BANK6   BANK7   BANK8   BANK9  BANK10  BANK11  BANK12  BANK13  BANK14  BANK15  BANK16  BANK17  BANK18  BANK19  BANK20  BANK21  BANK22  BANK23  BANK24  BANK25  BANK26  BANK27  BANK28  BANK29  BANK30  BANK31  BANK32  BANK33  BANK34  BANK35  BANK36  BANK37
      Params:         0       0       0       0       0       0       0       0       0       0       0       0       0       0       0       0       0       0       0       0       0       0       0       0       0       0       0       0       0       0       0       0       0       0
      Locals:         0       0       0       0       0       0       0       0       0       0       0       0       0       0       0       0       0       0       0       0       0       0       0       0       0       0       0       0       0       0       0       0       0       0
      Temps:          2       0       0       0       0       0       0       0       0       0       0       0       0       0       0       0       0       0       0       0       0       0       0       0       0       0       0       0       0       0       0       0       0       0
      Totals:         2       0       0       0       0       0       0       0       0       0       0       0       0       0       0       0       0       0       0       0       0       0       0       0       0       0       0       0       0       0       0       0       0       0
Total ram usage:        2 bytes
 Hardware stack levels used:    1
 Hardware stack levels required when called:    3
 This function calls:
		_displayInit
		_setRotation
 This function is called by:
		_main
 This function uses a non-reentrant model


 *************** function _setRotation *****************
 Defined at:
		line 190 in file "C:/Users/wojte/MPLABXProjects/pic18f47q43_ST7789.X/st7789.c"
 Parameters:    Size  Location     Type
  m               1    wreg     unsigned char 
 Auto vars:     Size  Location     Type
  m               1    4[COMRAM] unsigned char 
  madctl          1    5[COMRAM] unsigned char 
 Return value:  Size  Location     Type
                  1    wreg      void 
 Registers used:
		wreg, status,2, status,0, cstack
 Tracked objects:
		On entry : 
		On exit  : 
		Unchanged: 
 Data sizes:     COMRAM   BANK5   BANK6   BANK7   BANK8   BANK9  BANK10  BANK11  BANK12  BANK13  BANK14  BANK15  BANK16  BANK17  BANK18  BANK19  BANK20  BANK21  BANK22  BANK23  BANK24  BANK25  BANK26  BANK27  BANK28  BANK29  BANK30  BANK31  BANK32  BANK33  BANK34  BANK35  BANK36  BANK37
      Params:         0       0       0       0       0       0       0       0       0       0       0       0       0       0       0       0       0       0       0       0       0       0       0       0       0       0       0       0       0       0       0       0       0       0
      Locals:         2       0       0       0       0       0       0       0       0       0       0       0       0       0       0       0       0       0       0       0       0       0       0       0       0       0       0       0       0       0       0       0       0       0
      Temps:          2       0       0       0       0       0       0       0       0       0       0       0       0       0       0       0       0       0       0       0       0       0       0       0       0       0       0       0       0       0       0       0       0       0
      Totals:         4       0       0       0       0       0       0       0       0       0       0       0       0       0       0       0       0       0       0       0       0       0       0       0       0       0       0       0       0       0       0       0       0       0
Total ram usage:        4 bytes
 Hardware stack levels used:    1
 Hardware stack levels required when called:    2
 This function calls:
		_SPI1_ExchangeByte
		_writeCommand
 This function is called by:
		_tft_init
 This function uses a non-reentrant model


 *************** function _displayInit *****************
 Defined at:
		line 108 in file "C:/Users/wojte/MPLABXProjects/pic18f47q43_ST7789.X/st7789.c"
 Parameters:    Size  Location     Type
  addr            2    2[COMRAM] PTR const unsigned char 
		 -> cmd_240x240(35), 
 Auto vars:     Size  Location     Type
  ms              2    7[COMRAM] unsigned short 
  numArgs         1    6[COMRAM] unsigned char 
  numCommands     1    5[COMRAM] unsigned char 
 Return value:  Size  Location     Type
                  1    wreg      void 
 Registers used:
		wreg, status,2, status,0, tblptrl, tblptrh, tblptru, cstack
 Tracked objects:
		On entry : 
		On exit  : 
		Unchanged: 
 Data sizes:     COMRAM   BANK5   BANK6   BANK7   BANK8   BANK9  BANK10  BANK11  BANK12  BANK13  BANK14  BANK15  BANK16  BANK17  BANK18  BANK19  BANK20  BANK21  BANK22  BANK23  BANK24  BANK25  BANK26  BANK27  BANK28  BANK29  BANK30  BANK31  BANK32  BANK33  BANK34  BANK35  BANK36  BANK37
      Params:         2       0       0       0       0       0       0       0       0       0       0       0       0       0       0       0       0       0       0       0       0       0       0       0       0       0       0       0       0       0       0       0       0       0
      Locals:         4       0       0       0       0       0       0       0       0       0       0       0       0       0       0       0       0       0       0       0       0       0       0       0       0       0       0       0       0       0       0       0       0       0
      Temps:          1       0       0       0       0       0       0       0       0       0       0       0       0       0       0       0       0       0       0       0       0       0       0       0       0       0       0       0       0       0       0       0       0       0
      Totals:         7       0       0       0       0       0       0       0       0       0       0       0       0       0       0       0       0       0       0       0       0       0       0       0       0       0       0       0       0       0       0       0       0       0
Total ram usage:        7 bytes
 Hardware stack levels used:    1
 Hardware stack levels required when called:    2
 This function calls:
		_SPI1_ExchangeByte
		_writeCommand
 This function is called by:
		_tft_init
 This function uses a non-reentrant model


 *************** function _setTextSize *****************
 Defined at:
		line 437 in file "C:/Users/wojte/MPLABXProjects/pic18f47q43_ST7789.X/st7789.c"
 Parameters:    Size  Location     Type
  s               1    wreg     unsigned char 
 Auto vars:     Size  Location     Type
  s               1    2[COMRAM] unsigned char 
 Return value:  Size  Location     Type
                  1    wreg      void 
 Registers used:
		wreg, status,2
 Tracked objects:
		On entry : 
		On exit  : 
		Unchanged: 
 Data sizes:     COMRAM   BANK5   BANK6   BANK7   BANK8   BANK9  BANK10  BANK11  BANK12  BANK13  BANK14  BANK15  BANK16  BANK17  BANK18  BANK19  BANK20  BANK21  BANK22  BANK23  BANK24  BANK25  BANK26  BANK27  BANK28  BANK29  BANK30  BANK31  BANK32  BANK33  BANK34  BANK35  BANK36  BANK37
      Params:         0       0       0       0       0       0       0       0       0       0       0       0       0       0       0       0       0       0       0       0       0       0       0       0       0       0       0       0       0       0       0       0       0       0
      Locals:         3       0       0       0       0       0       0       0       0       0       0       0       0       0       0       0       0       0       0       0       0       0       0       0       0       0       0       0       0       0       0       0       0       0
      Temps:          0       0       0       0       0       0       0       0       0       0       0       0       0       0       0       0       0       0       0       0       0       0       0       0       0       0       0       0       0       0       0       0       0       0
      Totals:         3       0       0       0       0       0       0       0       0       0       0       0       0       0       0       0       0       0       0       0       0       0       0       0       0       0       0       0       0       0       0       0       0       0
Total ram usage:        3 bytes
 Hardware stack levels used:    1
 This function calls:
		Nothing
 This function is called by:
		_main
		_display_drawChar
 This function uses a non-reentrant model


 *************** function _setTextColor *****************
 Defined at:
		line 467 in file "C:/Users/wojte/MPLABXProjects/pic18f47q43_ST7789.X/st7789.c"
 Parameters:    Size  Location     Type
  c               2    0[COMRAM] unsigned short 
  b               2    2[COMRAM] unsigned short 
 Auto vars:     Size  Location     Type
		None
 Return value:  Size  Location     Type
                  1    wreg      void 
 Registers used:
		None
 Tracked objects:
		On entry : 
		On exit  : 
		Unchanged: 
 Data sizes:     COMRAM   BANK5   BANK6   BANK7   BANK8   BANK9  BANK10  BANK11  BANK12  BANK13  BANK14  BANK15  BANK16  BANK17  BANK18  BANK19  BANK20  BANK21  BANK22  BANK23  BANK24  BANK25  BANK26  BANK27  BANK28  BANK29  BANK30  BANK31  BANK32  BANK33  BANK34  BANK35  BANK36  BANK37
      Params:         4       0       0       0       0       0       0       0       0       0       0       0       0       0       0       0       0       0       0       0       0       0       0       0       0       0       0       0       0       0       0       0       0       0
      Locals:         0       0       0       0       0       0       0       0       0       0       0       0       0       0       0       0       0       0       0       0       0       0       0       0       0       0       0       0       0       0       0       0       0       0
      Temps:          0       0       0       0       0       0       0       0       0       0       0       0       0       0       0       0       0       0       0       0       0       0       0       0       0       0       0       0       0       0       0       0       0       0
      Totals:         4       0       0       0       0       0       0       0       0       0       0       0       0       0       0       0       0       0       0       0       0       0       0       0       0       0       0       0       0       0       0       0       0       0
Total ram usage:        4 bytes
 Hardware stack levels used:    1
 This function calls:
		Nothing
 This function is called by:
		_main
		_display_drawChar
 This function uses a non-reentrant model


 *************** function _setCursor *****************
 Defined at:
		line 456 in file "C:/Users/wojte/MPLABXProjects/pic18f47q43_ST7789.X/st7789.c"
 Parameters:    Size  Location     Type
  x               1    wreg     unsigned char 
  y               1    0[COMRAM] unsigned char 
 Auto vars:     Size  Location     Type
  x               1    1[COMRAM] unsigned char 
 Return value:  Size  Location     Type
                  1    wreg      void 
 Registers used:
		wreg
 Tracked objects:
		On entry : 
		On exit  : 
		Unchanged: 
 Data sizes:     COMRAM   BANK5   BANK6   BANK7   BANK8   BANK9  BANK10  BANK11  BANK12  BANK13  BANK14  BANK15  BANK16  BANK17  BANK18  BANK19  BANK20  BANK21  BANK22  BANK23  BANK24  BANK25  BANK26  BANK27  BANK28  BANK29  BANK30  BANK31  BANK32  BANK33  BANK34  BANK35  BANK36  BANK37
      Params:         1       0       0       0       0       0       0       0       0       0       0       0       0       0       0       0       0       0       0       0       0       0       0       0       0       0       0       0       0       0       0       0       0       0
      Locals:         1       0       0       0       0       0       0       0       0       0       0       0       0       0       0       0       0       0       0       0       0       0       0       0       0       0       0       0       0       0       0       0       0       0
      Temps:          0       0       0       0       0       0       0       0       0       0       0       0       0       0       0       0       0       0       0       0       0       0       0       0       0       0       0       0       0       0       0       0       0       0
      Totals:         2       0       0       0       0       0       0       0       0       0       0       0       0       0       0       0       0       0       0       0       0       0       0       0       0       0       0       0       0       0       0       0       0       0
Total ram usage:        2 bytes
 Hardware stack levels used:    1
 This function calls:
		Nothing
 This function is called by:
		_main
		_display_drawChar
 This function uses a non-reentrant model


 *************** function _fillScreen *****************
 Defined at:
		line 317 in file "C:/Users/wojte/MPLABXProjects/pic18f47q43_ST7789.X/st7789.c"
 Parameters:    Size  Location     Type
  color           2   24[COMRAM] unsigned short 
 Auto vars:     Size  Location     Type
		None
 Return value:  Size  Location     Type
                  1    wreg      void 
 Registers used:
		wreg, status,2, status,0, prodl, prodh, cstack
 Tracked objects:
		On entry : 
		On exit  : 
		Unchanged: 
 Data sizes:     COMRAM   BANK5   BANK6   BANK7   BANK8   BANK9  BANK10  BANK11  BANK12  BANK13  BANK14  BANK15  BANK16  BANK17  BANK18  BANK19  BANK20  BANK21  BANK22  BANK23  BANK24  BANK25  BANK26  BANK27  BANK28  BANK29  BANK30  BANK31  BANK32  BANK33  BANK34  BANK35  BANK36  BANK37
      Params:         2       0       0       0       0       0       0       0       0       0       0       0       0       0       0       0       0       0       0       0       0       0       0       0       0       0       0       0       0       0       0       0       0       0
      Locals:         0       0       0       0       0       0       0       0       0       0       0       0       0       0       0       0       0       0       0       0       0       0       0       0       0       0       0       0       0       0       0       0       0       0
      Temps:          0       0       0       0       0       0       0       0       0       0       0       0       0       0       0       0       0       0       0       0       0       0       0       0       0       0       0       0       0       0       0       0       0       0
      Totals:         2       0       0       0       0       0       0       0       0       0       0       0       0       0       0       0       0       0       0       0       0       0       0       0       0       0       0       0       0       0       0       0       0       0
Total ram usage:        2 bytes
 Hardware stack levels used:    1
 Hardware stack levels required when called:    4
 This function calls:
		_fillRect
 This function is called by:
		_main
 This function uses a non-reentrant model


 *************** function _display_puts *****************
 Defined at:
		line 427 in file "C:/Users/wojte/MPLABXProjects/pic18f47q43_ST7789.X/st7789.c"
 Parameters:    Size  Location     Type
  s               2   33[COMRAM] PTR unsigned char 
		 -> main@MyString(12), 
 Auto vars:     Size  Location     Type
		None
 Return value:  Size  Location     Type
                  1    wreg      void 
 Registers used:
		wreg, fsr2l, fsr2h, status,2, status,0, tblptrl, tblptrh, tblptru, prodl, prodh, cstack
 Tracked objects:
		On entry : 
		On exit  : 
		Unchanged: 
 Data sizes:     COMRAM   BANK5   BANK6   BANK7   BANK8   BANK9  BANK10  BANK11  BANK12  BANK13  BANK14  BANK15  BANK16  BANK17  BANK18  BANK19  BANK20  BANK21  BANK22  BANK23  BANK24  BANK25  BANK26  BANK27  BANK28  BANK29  BANK30  BANK31  BANK32  BANK33  BANK34  BANK35  BANK36  BANK37
      Params:         2       0       0       0       0       0       0       0       0       0       0       0       0       0       0       0       0       0       0       0       0       0       0       0       0       0       0       0       0       0       0       0       0       0
      Locals:         0       0       0       0       0       0       0       0       0       0       0       0       0       0       0       0       0       0       0       0       0       0       0       0       0       0       0       0       0       0       0       0       0       0
      Temps:          0       0       0       0       0       0       0       0       0       0       0       0       0       0       0       0       0       0       0       0       0       0       0       0       0       0       0       0       0       0       0       0       0       0
      Totals:         2       0       0       0       0       0       0       0       0       0       0       0       0       0       0       0       0       0       0       0       0       0       0       0       0       0       0       0       0       0       0       0       0       0
Total ram usage:        2 bytes
 Hardware stack levels used:    1
 Hardware stack levels required when called:    5
 This function calls:
		_display_putc
 This function is called by:
		_main
 This function uses a non-reentrant model


 *************** function _display_putc *****************
 Defined at:
		line 370 in file "C:/Users/wojte/MPLABXProjects/pic18f47q43_ST7789.X/st7789.c"
 Parameters:    Size  Location     Type
  c               1    wreg     unsigned char 
 Auto vars:     Size  Location     Type
  c               1   30[COMRAM] unsigned char 
  line            1   29[COMRAM] unsigned char 
  i               1   32[COMRAM] unsigned char 
  j               1   31[COMRAM] unsigned char 
 Return value:  Size  Location     Type
                  1    wreg      void 
 Registers used:
		wreg, status,2, status,0, tblptrl, tblptrh, tblptru, prodl, prodh, cstack
 Tracked objects:
		On entry : 
		On exit  : 
		Unchanged: 
 Data sizes:     COMRAM   BANK5   BANK6   BANK7   BANK8   BANK9  BANK10  BANK11  BANK12  BANK13  BANK14  BANK15  BANK16  BANK17  BANK18  BANK19  BANK20  BANK21  BANK22  BANK23  BANK24  BANK25  BANK26  BANK27  BANK28  BANK29  BANK30  BANK31  BANK32  BANK33  BANK34  BANK35  BANK36  BANK37
      Params:         0       0       0       0       0       0       0       0       0       0       0       0       0       0       0       0       0       0       0       0       0       0       0       0       0       0       0       0       0       0       0       0       0       0
      Locals:         4       0       0       0       0       0       0       0       0       0       0       0       0       0       0       0       0       0       0       0       0       0       0       0       0       0       0       0       0       0       0       0       0       0
      Temps:          5       0       0       0       0       0       0       0       0       0       0       0       0       0       0       0       0       0       0       0       0       0       0       0       0       0       0       0       0       0       0       0       0       0
      Totals:         9       0       0       0       0       0       0       0       0       0       0       0       0       0       0       0       0       0       0       0       0       0       0       0       0       0       0       0       0       0       0       0       0       0
Total ram usage:        9 bytes
 Hardware stack levels used:    1
 Hardware stack levels required when called:    4
 This function calls:
		_drawPixel
		_drawVLine
		_fillRect
 This function is called by:
		_display_puts
		_display_drawChar
 This function uses a non-reentrant model


 *************** function _fillRect *****************
 Defined at:
		line 292 in file "C:/Users/wojte/MPLABXProjects/pic18f47q43_ST7789.X/st7789.c"
 Parameters:    Size  Location     Type
  x               1    wreg     unsigned char 
  y               1    7[COMRAM] unsigned char 
  w               1    8[COMRAM] unsigned char 
  h               1    9[COMRAM] unsigned char 
  color           2   10[COMRAM] unsigned short 
 Auto vars:     Size  Location     Type
  x               1   23[COMRAM] unsigned char 
  px              2   19[COMRAM] unsigned short 
  lo              1   22[COMRAM] unsigned char 
  hi              1   21[COMRAM] unsigned char 
 Return value:  Size  Location     Type
                  1    wreg      void 
 Registers used:
		wreg, status,2, status,0, prodl, prodh, cstack
 Tracked objects:
		On entry : 
		On exit  : 
		Unchanged: 
 Data sizes:     COMRAM   BANK5   BANK6   BANK7   BANK8   BANK9  BANK10  BANK11  BANK12  BANK13  BANK14  BANK15  BANK16  BANK17  BANK18  BANK19  BANK20  BANK21  BANK22  BANK23  BANK24  BANK25  BANK26  BANK27  BANK28  BANK29  BANK30  BANK31  BANK32  BANK33  BANK34  BANK35  BANK36  BANK37
      Params:         5       0       0       0       0       0       0       0       0       0       0       0       0       0       0       0       0       0       0       0       0       0       0       0       0       0       0       0       0       0       0       0       0       0
      Locals:         5       0       0       0       0       0       0       0       0       0       0       0       0       0       0       0       0       0       0       0       0       0       0       0       0       0       0       0       0       0       0       0       0       0
      Temps:          7       0       0       0       0       0       0       0       0       0       0       0       0       0       0       0       0       0       0       0       0       0       0       0       0       0       0       0       0       0       0       0       0       0
      Totals:        17       0       0       0       0       0       0       0       0       0       0       0       0       0       0       0       0       0       0       0       0       0       0       0       0       0       0       0       0       0       0       0       0       0
Total ram usage:       17 bytes
 Hardware stack levels used:    1
 Hardware stack levels required when called:    3
 This function calls:
		_SPI1_ExchangeByte
		_setAddrWindow
 This function is called by:
		_fillScreen
		_display_putc
		_DrawPixel_4px
		_display_customChar
		_display_fillRoundRect
 This function uses a non-reentrant model


 *************** function _drawVLine *****************
 Defined at:
		line 267 in file "C:/Users/wojte/MPLABXProjects/pic18f47q43_ST7789.X/st7789.c"
 Parameters:    Size  Location     Type
  x               1    wreg     unsigned char 
  y               1    7[COMRAM] unsigned char 
  h               1    8[COMRAM] unsigned char 
  color           2    9[COMRAM] unsigned short 
 Auto vars:     Size  Location     Type
  x               1   20[COMRAM] unsigned char 
  lo              1   19[COMRAM] unsigned char 
  hi              1   18[COMRAM] unsigned char 
 Return value:  Size  Location     Type
                  1    wreg      void 
 Registers used:
		wreg, status,2, status,0, cstack
 Tracked objects:
		On entry : 
		On exit  : 
		Unchanged: 
 Data sizes:     COMRAM   BANK5   BANK6   BANK7   BANK8   BANK9  BANK10  BANK11  BANK12  BANK13  BANK14  BANK15  BANK16  BANK17  BANK18  BANK19  BANK20  BANK21  BANK22  BANK23  BANK24  BANK25  BANK26  BANK27  BANK28  BANK29  BANK30  BANK31  BANK32  BANK33  BANK34  BANK35  BANK36  BANK37
      Params:         4       0       0       0       0       0       0       0       0       0       0       0       0       0       0       0       0       0       0       0       0       0       0       0       0       0       0       0       0       0       0       0       0       0
      Locals:         3       0       0       0       0       0       0       0       0       0       0       0       0       0       0       0       0       0       0       0       0       0       0       0       0       0       0       0       0       0       0       0       0       0
      Temps:          7       0       0       0       0       0       0       0       0       0       0       0       0       0       0       0       0       0       0       0       0       0       0       0       0       0       0       0       0       0       0       0       0       0
      Totals:        14       0       0       0       0       0       0       0       0       0       0       0       0       0       0       0       0       0       0       0       0       0       0       0       0       0       0       0       0       0       0       0       0       0
Total ram usage:       14 bytes
 Hardware stack levels used:    1
 Hardware stack levels required when called:    3
 This function calls:
		_SPI1_ExchangeByte
		_setAddrWindow
 This function is called by:
		_display_putc
		_display_customChar
		_display_drawRect
		_display_fillCircleHelper
		_display_drawRoundRect
 This function uses a non-reentrant model


 *************** function _drawPixel *****************
 Defined at:
		line 223 in file "C:/Users/wojte/MPLABXProjects/pic18f47q43_ST7789.X/st7789.c"
 Parameters:    Size  Location     Type
  x               1    wreg     unsigned char 
  y               1    7[COMRAM] unsigned char 
  color           2    8[COMRAM] unsigned short 
 Auto vars:     Size  Location     Type
  x               1   10[COMRAM] unsigned char 
 Return value:  Size  Location     Type
                  1    wreg      void 
 Registers used:
		wreg, status,2, status,0, cstack
 Tracked objects:
		On entry : 
		On exit  : 
		Unchanged: 
 Data sizes:     COMRAM   BANK5   BANK6   BANK7   BANK8   BANK9  BANK10  BANK11  BANK12  BANK13  BANK14  BANK15  BANK16  BANK17  BANK18  BANK19  BANK20  BANK21  BANK22  BANK23  BANK24  BANK25  BANK26  BANK27  BANK28  BANK29  BANK30  BANK31  BANK32  BANK33  BANK34  BANK35  BANK36  BANK37
      Params:         3       0       0       0       0       0       0       0       0       0       0       0       0       0       0       0       0       0       0       0       0       0       0       0       0       0       0       0       0       0       0       0       0       0
      Locals:         1       0       0       0       0       0       0       0       0       0       0       0       0       0       0       0       0       0       0       0       0       0       0       0       0       0       0       0       0       0       0       0       0       0
      Temps:          0       0       0       0       0       0       0       0       0       0       0       0       0       0       0       0       0       0       0       0       0       0       0       0       0       0       0       0       0       0       0       0       0       0
      Totals:         4       0       0       0       0       0       0       0       0       0       0       0       0       0       0       0       0       0       0       0       0       0       0       0       0       0       0       0       0       0       0       0       0       0
Total ram usage:        4 bytes
 Hardware stack levels used:    1
 Hardware stack levels required when called:    3
 This function calls:
		_SPI1_ExchangeByte
		_setAddrWindow
 This function is called by:
		_display_putc
		_display_customChar
		_display_drawCircleHelper
 This function uses a non-reentrant model


 *************** function _setAddrWindow *****************
 Defined at:
		line 165 in file "C:/Users/wojte/MPLABXProjects/pic18f47q43_ST7789.X/st7789.c"
 Parameters:    Size  Location     Type
  x               1    wreg     unsigned char 
  y               1    2[COMRAM] unsigned char 
  w               1    3[COMRAM] unsigned char 
  h               1    4[COMRAM] unsigned char 
 Auto vars:     Size  Location     Type
  x               1    6[COMRAM] unsigned char 
 Return value:  Size  Location     Type
                  1    wreg      void 
 Registers used:
		wreg, status,2, status,0, cstack
 Tracked objects:
		On entry : 
		On exit  : 
		Unchanged: 
 Data sizes:     COMRAM   BANK5   BANK6   BANK7   BANK8   BANK9  BANK10  BANK11  BANK12  BANK13  BANK14  BANK15  BANK16  BANK17  BANK18  BANK19  BANK20  BANK21  BANK22  BANK23  BANK24  BANK25  BANK26  BANK27  BANK28  BANK29  BANK30  BANK31  BANK32  BANK33  BANK34  BANK35  BANK36  BANK37
      Params:         3       0       0       0       0       0       0       0       0       0       0       0       0       0       0       0       0       0       0       0       0       0       0       0       0       0       0       0       0       0       0       0       0       0
      Locals:         1       0       0       0       0       0       0       0       0       0       0       0       0       0       0       0       0       0       0       0       0       0       0       0       0       0       0       0       0       0       0       0       0       0
      Temps:          1       0       0       0       0       0       0       0       0       0       0       0       0       0       0       0       0       0       0       0       0       0       0       0       0       0       0       0       0       0       0       0       0       0
      Totals:         5       0       0       0       0       0       0       0       0       0       0       0       0       0       0       0       0       0       0       0       0       0       0       0       0       0       0       0       0       0       0       0       0       0
Total ram usage:        5 bytes
 Hardware stack levels used:    1
 Hardware stack levels required when called:    2
 This function calls:
		_SPI1_ExchangeByte
		_writeCommand
 This function is called by:
		_drawPixel
		_drawVLine
		_fillRect
		_drawHLine
		_display_DrawImage
 This function uses a non-reentrant model


 *************** function _writeCommand *****************
 Defined at:
		line 95 in file "C:/Users/wojte/MPLABXProjects/pic18f47q43_ST7789.X/st7789.c"
 Parameters:    Size  Location     Type
  cmd             1    wreg     unsigned char 
 Auto vars:     Size  Location     Type
  cmd             1    1[COMRAM] unsigned char 
 Return value:  Size  Location     Type
                  1    wreg      void 
 Registers used:
		wreg, status,2, cstack
 Tracked objects:
		On entry : 
		On exit  : 
		Unchanged: 
 Data sizes:     COMRAM   BANK5   BANK6   BANK7   BANK8   BANK9  BANK10  BANK11  BANK12  BANK13  BANK14  BANK15  BANK16  BANK17  BANK18  BANK19  BANK20  BANK21  BANK22  BANK23  BANK24  BANK25  BANK26  BANK27  BANK28  BANK29  BANK30  BANK31  BANK32  BANK33  BANK34  BANK35  BANK36  BANK37
      Params:         0       0       0       0       0       0       0       0       0       0       0       0       0       0       0       0       0       0       0       0       0       0       0       0       0       0       0       0       0       0       0       0       0       0
      Locals:         1       0       0       0       0       0       0       0       0       0       0       0       0       0       0       0       0       0       0       0       0       0       0       0       0       0       0       0       0       0       0       0       0       0
      Temps:          0       0       0       0       0       0       0       0       0       0       0       0       0       0       0       0       0       0       0       0       0       0       0       0       0       0       0       0       0       0       0       0       0       0
      Totals:         1       0       0       0       0       0       0       0       0       0       0       0       0       0       0       0       0       0       0       0       0       0       0       0       0       0       0       0       0       0       0       0       0       0
Total ram usage:        1 bytes
 Hardware stack levels used:    1
 Hardware stack levels required when called:    1
 This function calls:
		_SPI1_ExchangeByte
 This function is called by:
		_displayInit
		_setAddrWindow
		_setRotation
		_invertDisplay
 This function uses a non-reentrant model


 *************** function _SPI1_ExchangeByte *****************
 Defined at:
		line 100 in file "mcc_generated_files/spi1.c"
 Parameters:    Size  Location     Type
  data            1    wreg     unsigned char 
 Auto vars:     Size  Location     Type
  data            1    0[COMRAM] unsigned char 
 Return value:  Size  Location     Type
                  1    wreg      unsigned char 
 Registers used:
		wreg, status,2
 Tracked objects:
		On entry : 
		On exit  : 
		Unchanged: 
 Data sizes:     COMRAM   BANK5   BANK6   BANK7   BANK8   BANK9  BANK10  BANK11  BANK12  BANK13  BANK14  BANK15  BANK16  BANK17  BANK18  BANK19  BANK20  BANK21  BANK22  BANK23  BANK24  BANK25  BANK26  BANK27  BANK28  BANK29  BANK30  BANK31  BANK32  BANK33  BANK34  BANK35  BANK36  BANK37
      Params:         0       0       0       0       0       0       0       0       0       0       0       0       0       0       0       0       0       0       0       0       0       0       0       0       0       0       0       0       0       0       0       0       0       0
      Locals:         1       0       0       0       0       0       0       0       0       0       0       0       0       0       0       0       0       0       0       0       0       0       0       0       0       0       0       0       0       0       0       0       0       0
      Temps:          0       0       0       0       0       0       0       0       0       0       0       0       0       0       0       0       0       0       0       0       0       0       0       0       0       0       0       0       0       0       0       0       0       0
      Totals:         1       0       0       0       0       0       0       0       0       0       0       0       0       0       0       0       0       0       0       0       0       0       0       0       0       0       0       0       0       0       0       0       0       0
Total ram usage:        1 bytes
 Hardware stack levels used:    1
 This function calls:
		Nothing
 This function is called by:
		_writeCommand
		_displayInit
		_setAddrWindow
		_setRotation
		_drawPixel
		_drawVLine
		_fillRect
		_SPI1_WriteBlock
		_SPI1_ReadBlock
		_drawHLine
		_pushColor
 This function uses a non-reentrant model


 *************** function _SYSTEM_Initialize *****************
 Defined at:
		line 50 in file "mcc_generated_files/mcc.c"
 Parameters:    Size  Location     Type
		None
 Auto vars:     Size  Location     Type
		None
 Return value:  Size  Location     Type
                  1    wreg      void 
 Registers used:
		wreg, status,2, cstack
 Tracked objects:
		On entry : 
		On exit  : 
		Unchanged: 
 Data sizes:     COMRAM   BANK5   BANK6   BANK7   BANK8   BANK9  BANK10  BANK11  BANK12  BANK13  BANK14  BANK15  BANK16  BANK17  BANK18  BANK19  BANK20  BANK21  BANK22  BANK23  BANK24  BANK25  BANK26  BANK27  BANK28  BANK29  BANK30  BANK31  BANK32  BANK33  BANK34  BANK35  BANK36  BANK37
      Params:         0       0       0       0       0       0       0       0       0       0       0       0       0       0       0       0       0       0       0       0       0       0       0       0       0       0       0       0       0       0       0       0       0       0
      Locals:         0       0       0       0       0       0       0       0       0       0       0       0       0       0       0       0       0       0       0       0       0       0       0       0       0       0       0       0       0       0       0       0       0       0
      Temps:          0       0       0       0       0       0       0       0       0       0       0       0       0       0       0       0       0       0       0       0       0       0       0       0       0       0       0       0       0       0       0       0       0       0
      Totals:         0       0       0       0       0       0       0       0       0       0       0       0       0       0       0       0       0       0       0       0       0       0       0       0       0       0       0       0       0       0       0       0       0       0
Total ram usage:        0 bytes
 Hardware stack levels used:    1
 Hardware stack levels required when called:    1
 This function calls:
		_OSCILLATOR_Initialize
		_PIN_MANAGER_Initialize
		_PMD_Initialize
		_SPI1_Initialize
 This function is called by:
		_main
 This function uses a non-reentrant model


 *************** function _SPI1_Initialize *****************
 Defined at:
		line 64 in file "mcc_generated_files/spi1.c"
 Parameters:    Size  Location     Type
		None
 Auto vars:     Size  Location     Type
		None
 Return value:  Size  Location     Type
                  1    wreg      void 
 Registers used:
		wreg, status,2
 Tracked objects:
		On entry : 
		On exit  : 
		Unchanged: 
 Data sizes:     COMRAM   BANK5   BANK6   BANK7   BANK8   BANK9  BANK10  BANK11  BANK12  BANK13  BANK14  BANK15  BANK16  BANK17  BANK18  BANK19  BANK20  BANK21  BANK22  BANK23  BANK24  BANK25  BANK26  BANK27  BANK28  BANK29  BANK30  BANK31  BANK32  BANK33  BANK34  BANK35  BANK36  BANK37
      Params:         0       0       0       0       0       0       0       0       0       0       0       0       0       0       0       0       0       0       0       0       0       0       0       0       0       0       0       0       0       0       0       0       0       0
      Locals:         0       0       0       0       0       0       0       0       0       0       0       0       0       0       0       0       0       0       0       0       0       0       0       0       0       0       0       0       0       0       0       0       0       0
      Temps:          0       0       0       0       0       0       0       0       0       0       0       0       0       0       0       0       0       0       0       0       0       0       0       0       0       0       0       0       0       0       0       0       0       0
      Totals:         0       0       0       0       0       0       0       0       0       0       0       0       0       0       0       0       0       0       0       0       0       0       0       0       0       0       0       0       0       0       0       0       0       0
Total ram usage:        0 bytes
 Hardware stack levels used:    1
 This function calls:
		Nothing
 This function is called by:
		_SYSTEM_Initialize
 This function uses a non-reentrant model


 *************** function _PMD_Initialize *****************
 Defined at:
		line 74 in file "mcc_generated_files/mcc.c"
 Parameters:    Size  Location     Type
		None
 Auto vars:     Size  Location     Type
		None
 Return value:  Size  Location     Type
                  1    wreg      void 
 Registers used:
		wreg, status,2
 Tracked objects:
		On entry : 
		On exit  : 
		Unchanged: 
 Data sizes:     COMRAM   BANK5   BANK6   BANK7   BANK8   BANK9  BANK10  BANK11  BANK12  BANK13  BANK14  BANK15  BANK16  BANK17  BANK18  BANK19  BANK20  BANK21  BANK22  BANK23  BANK24  BANK25  BANK26  BANK27  BANK28  BANK29  BANK30  BANK31  BANK32  BANK33  BANK34  BANK35  BANK36  BANK37
      Params:         0       0       0       0       0       0       0       0       0       0       0       0       0       0       0       0       0       0       0       0       0       0       0       0       0       0       0       0       0       0       0       0       0       0
      Locals:         0       0       0       0       0       0       0       0       0       0       0       0       0       0       0       0       0       0       0       0       0       0       0       0       0       0       0       0       0       0       0       0       0       0
      Temps:          0       0       0       0       0       0       0       0       0       0       0       0       0       0       0       0       0       0       0       0       0       0       0       0       0       0       0       0       0       0       0       0       0       0
      Totals:         0       0       0       0       0       0       0       0       0       0       0       0       0       0       0       0       0       0       0       0       0       0       0       0       0       0       0       0       0       0       0       0       0       0
Total ram usage:        0 bytes
 Hardware stack levels used:    1
 This function calls:
		Nothing
 This function is called by:
		_SYSTEM_Initialize
 This function uses a non-reentrant model


 *************** function _PIN_MANAGER_Initialize *****************
 Defined at:
		line 55 in file "mcc_generated_files/pin_manager.c"
 Parameters:    Size  Location     Type
		None
 Auto vars:     Size  Location     Type
		None
 Return value:  Size  Location     Type
                  1    wreg      void 
 Registers used:
		wreg, status,2
 Tracked objects:
		On entry : 
		On exit  : 
		Unchanged: 
 Data sizes:     COMRAM   BANK5   BANK6   BANK7   BANK8   BANK9  BANK10  BANK11  BANK12  BANK13  BANK14  BANK15  BANK16  BANK17  BANK18  BANK19  BANK20  BANK21  BANK22  BANK23  BANK24  BANK25  BANK26  BANK27  BANK28  BANK29  BANK30  BANK31  BANK32  BANK33  BANK34  BANK35  BANK36  BANK37
      Params:         0       0       0       0       0       0       0       0       0       0       0       0       0       0       0       0       0       0       0       0       0       0       0       0       0       0       0       0       0       0       0       0       0       0
      Locals:         0       0       0       0       0       0       0       0       0       0       0       0       0       0       0       0       0       0       0       0       0       0       0       0       0       0       0       0       0       0       0       0       0       0
      Temps:          0       0       0       0       0       0       0       0       0       0       0       0       0       0       0       0       0       0       0       0       0       0       0       0       0       0       0       0       0       0       0       0       0       0
      Totals:         0       0       0       0       0       0       0       0       0       0       0       0       0       0       0       0       0       0       0       0       0       0       0       0       0       0       0       0       0       0       0       0       0       0
Total ram usage:        0 bytes
 Hardware stack levels used:    1
 This function calls:
		Nothing
 This function is called by:
		_SYSTEM_Initialize
 This function uses a non-reentrant model


 *************** function _OSCILLATOR_Initialize *****************
 Defined at:
		line 58 in file "mcc_generated_files/mcc.c"
 Parameters:    Size  Location     Type
		None
 Auto vars:     Size  Location     Type
		None
 Return value:  Size  Location     Type
                  1    wreg      void 
 Registers used:
		wreg, status,2
 Tracked objects:
		On entry : 
		On exit  : 
		Unchanged: 
 Data sizes:     COMRAM   BANK5   BANK6   BANK7   BANK8   BANK9  BANK10  BANK11  BANK12  BANK13  BANK14  BANK15  BANK16  BANK17  BANK18  BANK19  BANK20  BANK21  BANK22  BANK23  BANK24  BANK25  BANK26  BANK27  BANK28  BANK29  BANK30  BANK31  BANK32  BANK33  BANK34  BANK35  BANK36  BANK37
      Params:         0       0       0       0       0       0       0       0       0       0       0       0       0       0       0       0       0       0       0       0       0       0       0       0       0       0       0       0       0       0       0       0       0       0
      Locals:         0       0       0       0       0       0       0       0       0       0       0       0       0       0       0       0       0       0       0       0       0       0       0       0       0       0       0       0       0       0       0       0       0       0
      Temps:          0       0       0       0       0       0       0       0       0       0       0       0       0       0       0       0       0       0       0       0       0       0       0       0       0       0       0       0       0       0       0       0       0       0
      Totals:         0       0       0       0       0       0       0       0       0       0       0       0       0       0       0       0       0       0       0       0       0       0       0       0       0       0       0       0       0       0       0       0       0       0
Total ram usage:        0 bytes
 Hardware stack levels used:    1
 This function calls:
		Nothing
 This function is called by:
		_SYSTEM_Initialize
 This function uses a non-reentrant model


 *************** function _SPI1_Open *****************
 Defined at:
		line 79 in file "mcc_generated_files/spi1.c"
 Parameters:    Size  Location     Type
  spi1UniqueCo    1    wreg     enum E355
 Auto vars:     Size  Location     Type
  spi1UniqueCo    1    1[COMRAM] enum E355
 Return value:  Size  Location     Type
                  1    wreg      _Bool 
 Registers used:
		wreg, status,2, status,0, tblptrl, tblptrh, tblptru, prodl, prodh
 Tracked objects:
		On entry : 
		On exit  : 
		Unchanged: 
 Data sizes:     COMRAM   BANK5   BANK6   BANK7   BANK8   BANK9  BANK10  BANK11  BANK12  BANK13  BANK14  BANK15  BANK16  BANK17  BANK18  BANK19  BANK20  BANK21  BANK22  BANK23  BANK24  BANK25  BANK26  BANK27  BANK28  BANK29  BANK30  BANK31  BANK32  BANK33  BANK34  BANK35  BANK36  BANK37
      Params:         0       0       0       0       0       0       0       0       0       0       0       0       0       0       0       0       0       0       0       0       0       0       0       0       0       0       0       0       0       0       0       0       0       0
      Locals:         1       0       0       0       0       0       0       0       0       0       0       0       0       0       0       0       0       0       0       0       0       0       0       0       0       0       0       0       0       0       0       0       0       0
      Temps:          1       0       0       0       0       0       0       0       0       0       0       0       0       0       0       0       0       0       0       0       0       0       0       0       0       0       0       0       0       0       0       0       0       0
      Totals:         2       0       0       0       0       0       0       0       0       0       0       0       0       0       0       0       0       0       0       0       0       0       0       0       0       0       0       0       0       0       0       0       0       0
Total ram usage:        2 bytes
 Hardware stack levels used:    1
 This function calls:
		Nothing
 This function is called by:
		_main
 This function uses a non-reentrant model



MODULE INFORMATION

Module		Function		Class		Link	Load	Size
mcc_generated_files/pin_manager.c
		_PIN_MANAGER_Initialize		CODE           	106BE	0000	164

mcc_generated_files/pin_manager.c estimated size: 164

C:/Users/wojte/MPLABXProjects/pic18f47q43_ST7789.X/st7789.c
		_fillScreen    		CODE           	10A5A	0000	28
		_writeCommand  		CODE           	10AE2	0000	14
		_setTextSize   		CODE           	109EA	0000	42
		_drawVLine     		CODE           	10602	0000	188
		_displayInit   		CODE           	10408	0000	292
		_setTextColor  		CODE           	10ABE	0000	18
		_setAddrWindow 		CODE           	108E0	0000	90
		_display_putc  		CODE           	10000	0000	732
		_display_puts  		CODE           	10980	0000	56
		_setRotation   		CODE           	10762	0000	152
		_fillRect      		CODE           	102DC	0000	300
		_drawPixel     		CODE           	1093A	0000	70
		_setCursor     		CODE           	10AF0	0000	12
		_tft_init      		CODE           	1086E	0000	114

C:/Users/wojte/MPLABXProjects/pic18f47q43_ST7789.X/st7789.c estimated size: 2108

mcc_generated_files/spi1.c
		_SPI1_Open     		CODE           	1052C	0000	214
		_SPI1_Initialize		CODE           	10A92	0000	26
		_SPI1_ExchangeByte		CODE           	10A38	0000	34

mcc_generated_files/spi1.c estimated size: 274

shared
		_font          		MEDIUMCONST    	FAD7	0000	1280
		_cmd_240x240   		MEDIUMCONST    	FFDC	0000	35
		__initialization		CODE           	109B8	0000	44
		_spi1_configuration		MEDIUMCONST    	FFD7	0000	5

shared estimated size: 1364

mcc_generated_files/mcc.c
		_PMD_Initialize		CODE           	10A14	0000	36
		_OSCILLATOR_Initialize		CODE           	10A76	0000	28
		_SYSTEM_Initialize		CODE           	10AD0	0000	18

mcc_generated_files/mcc.c estimated size: 82

main.c
		_main          		CODE           	107FA	0000	116

main.c estimated size: 116

